ets Jul 29 2019 12:21:46

rï¿½ets Jul 29 2019 12:21:46

rst:0x1 (POWERON_RESET),boot:0x13 (SPI_FAST_FLASH_BOOT)
configsip: 0, SPIWP:0xee
clk_drv:0x00,q_drv:0x00,d_drv:0x00,cs0_drv:0x00,hd_drv:0x00,wp_drv:0x00
mode:DIO, clock div:2
load:0x3fff0030,len:6276
load:0x40078000,len:15748
load:0x40080400,len:4
ho 8 tail 4 room 4
load:0x40080404,len:3860
entry 0x4008063c
[0;32mI (31) boot: ESP-IDF v5.4.1-dirty 2nd stage bootloader[0m
[0;32mI (31) boot: compile time Oct 17 2025 09:49:33[0m
[0;32mI (31) boot: Multicore bootloader[0m
[0;32mI (33) boot: chip revision: v3.1[0m
[0;32mI (36) boot.esp32: SPI Speed      : 40MHz[0m
[0;32mI (40) boot.esp32: SPI Mode       : DIO[0m
[0;32mI (43) boot.esp32: SPI Flash Size : 2MB[0m
[0;32mI (47) boot: Enabling RNG early entropy source...[0m
[0;32mI (51) boot: Partition Table:[0m
[0;32mI (54) boot: ## Label            Usage          Type ST Offset   Length[0m
[0;32mI (60) boot:  0 nvs              WiFi data        01 02 00009000 00006000[0m
[0;32mI (67) boot:  1 phy_init         RF data          01 01 0000f000 00001000[0m
[0;32mI (73) boot:  2 factory          factory app      00 00 00010000 00100000[0m
[0;32mI (80) boot: End of partition table[0m
[0;32mI (83) esp_image: segment 0: paddr=00010020 vaddr=3f400020 size=2f3e8h (193512) map[0m
[0;32mI (157) esp_image: segment 1: paddr=0003f410 vaddr=3ff80000 size=0001ch (    28) load[0m
[0;32mI (157) esp_image: segment 2: paddr=0003f434 vaddr=3ffb0000 size=00be4h (  3044) load[0m
[0;32mI (162) esp_image: segment 3: paddr=00040020 vaddr=400d0020 size=9d260h (643680) map[0m
[0;32mI (388) esp_image: segment 4: paddr=000dd288 vaddr=3ffb0be4 size=0332ch ( 13100) load[0m
[0;32mI (393) esp_image: segment 5: paddr=000e05bc vaddr=40080000 size=178d4h ( 96468) load[0m
[0;32mI (442) boot: Loaded app from partition at offset 0x10000[0m
[0;32mI (442) boot: Disabling RNG early entropy source...[0m
[0;32mI (452) cpu_start: Multicore app[0m
[0;32mI (461) cpu_start: Pro cpu start user code[0m
[0;32mI (461) cpu_start: cpu freq: 160000000 Hz[0m
[0;32mI (461) app_init: Application information:[0m
[0;32mI (461) app_init: Project name:     blink[0m
[0;32mI (465) app_init: App version:      1[0m
[0;32mI (468) app_init: Compile time:     Oct 17 2025 09:49:16[0m
[0;32mI (473) app_init: ELF file SHA256:  152e8d664...[0m
[0;32mI (478) app_init: ESP-IDF:          v5.4.1-dirty[0m
[0;32mI (482) efuse_init: Min chip rev:     v0.0[0m
[0;32mI (486) efuse_init: Max chip rev:     v3.99 [0m
[0;32mI (490) efuse_init: Chip rev:         v3.1[0m
[0;32mI (494) heap_init: Initializing. RAM available for dynamic allocation:[0m
[0;32mI (500) heap_init: At 3FFAE6E0 len 00001920 (6 KiB): DRAM[0m
[0;32mI (505) heap_init: At 3FFB87A0 len 00027860 (158 KiB): DRAM[0m
[0;32mI (510) heap_init: At 3FFE0440 len 00003AE0 (14 KiB): D/IRAM[0m
[0;32mI (516) heap_init: At 3FFE4350 len 0001BCB0 (111 KiB): D/IRAM[0m
[0;32mI (521) heap_init: At 400978D4 len 0000872C (33 KiB): IRAM[0m
[0;32mI (528) spi_flash: detected chip: generic[0m
[0;32mI (530) spi_flash: flash io: dio[0m
[0;33mW (533) spi_flash: Detected size(4096k) larger than the size in the binary image header(2048k). Using the size in the binary image header.[0m
[0;32mI (546) main_task: Started on CPU0[0m
[0;32mI (556) main_task: Calling app_main()[0m
[0;32mI (576) gpio: GPIO[26]| InputEn: 0| OutputEn: 1| OpenDrain: 0| Pullup: 0| Pulldown: 0| Intr:0 [0m
[0;32mI (586) wifi:wifi driver task: 3ffc0778, prio:23, stack:6656, core=0[0m
[0;32mI (596) wifi:wifi firmware version: 79fa3f41ba[0m
[0;32mI (596) wifi:wifi certification version: v7.0[0m
[0;32mI (596) wifi:config NVS flash: enabled[0m
[0;32mI (596) wifi:config nano formatting: disabled[0m
[0;32mI (596) wifi:Init data frame dynamic rx buffer num: 32[0m
[0;32mI (606) wifi:Init static rx mgmt buffer num: 5[0m
[0;32mI (606) wifi:Init management short buffer num: 32[0m
[0;32mI (616) wifi:Init dynamic tx buffer num: 32[0m
[0;32mI (616) wifi:Init static rx buffer size: 1600[0m
[0;32mI (626) wifi:Init static rx buffer num: 10[0m
[0;32mI (626) wifi:Init dynamic rx buffer num: 32[0m
[0;32mI (626) wifi_init: rx ba win: 6[0m
[0;32mI (636) wifi_init: accept mbox: 6[0m
[0;32mI (636) wifi_init: tcpip mbox: 32[0m
[0;32mI (636) wifi_init: udp mbox: 6[0m
[0;32mI (646) wifi_init: tcp mbox: 6[0m
[0;32mI (646) wifi_init: tcp tx win: 5760[0m
[0;32mI (646) wifi_init: tcp rx win: 5760[0m
[0;32mI (646) wifi_init: tcp mss: 1440[0m
[0;32mI (656) wifi_init: WiFi IRAM OP enabled[0m
[0;32mI (656) wifi_init: WiFi RX IRAM OP enabled[0m
[0;33mW (666) wifi:Password length matches WPA2 standards, authmode threshold changes from OPEN to WPA2[0m
[0;32mI (696) phy_init: phy_version 4860,6b7a6e5,Feb  6 2025,14:47:07[0m
[0;32mI (786) wifi:mode : sta (20:43:a8:e5:4d:4c)[0m
[0;32mI (786) wifi:enable tsf[0m
[0;32mI (786) WiFi: Connecting to WiFi...[0m
[0;32mI (806) wifi:new:<6,0>, old:<1,0>, ap:<255,255>, sta:<6,0>, prof:1, snd_ch_cfg:0x0[0m
[0;32mI (806) wifi:state: init -> auth (0xb0)[0m
[0;32mI (816) wifi:state: auth -> assoc (0x0)[0m
[0;32mI (836) wifi:state: assoc -> run (0x10)[0m
[0;32mI (936) wifi:connected with Haayf, aid = 1, channel 6, BW20, bssid = da:f2:29:af:29:bf[0m
[0;32mI (936) wifi:security: WPA2-PSK, phy: bgn, rssi: -38[0m
[0;32mI (946) wifi:pm start, type: 1[0m

[0;32mI (946) wifi:dp: 1, bi: 102400, li: 3, scale listen interval from 307200 us to 307200 us[0m
[0;32mI (956) wifi:<ba-add>idx:0 (ifx:0, da:f2:29:af:29:bf), tid:0, ssn:0, winSize:64[0m
[0;32mI (1026) wifi:dp: 2, bi: 102400, li: 4, scale listen interval from 307200 us to 409600 us[0m
[0;32mI (1026) wifi:AP's beacon interval = 102400 us, DTIM period = 2[0m
[0;32mI (1976) esp_netif_handlers: sta ip: 192.168.146.137, mask: 255.255.255.0, gw: 192.168.146.20[0m
[0;32mI (1976) WiFi: WiFi connected, IP obtained![0m
[0;32mI (4786) MQTT: ðŸ”Œ MQTT client started[0m
[0;32mI (4786) main_task: Returned from app_main()[0m
[0;32mI (7306) esp-x509-crt-bundle: Certificate validated[0m
[0;32mI (9066) MQTT: Connected to HiveMQ Cloud[0m
ï¿½ï¿½ï¿½ï¿½ï¿½ï¿½ï¿½ï¿½ï¿½ï¿½ï¿½ï¿½ï¿½ï¿½ï¿½ï¿½ï¿½ï¿½ï¿½ï¿½ï¿½ï¿½ï¿½ï¿½ï¿½ï¿½ï¿½ï¿½ï¿½ï¿½ï¿½ï¿½ï¿½ï¿½ï¿½ï¿½ï¿½ï¿½ï¿½ï¿½ï¿½ï¿½ï¿½ï¿½ï¿½ï¿½ï¿½ï¿½ï¿½ï¿½ï¿½ï¿½ï¿½ï¿½ï¿½ï¿½ï¿½ï¿½ï¿½ï¿½ï¿½ï¿½ï¿½ï¿½ (32166) MQTT: Message on home/relay1/cmd: ON
[0;32mI (34006) MQTT: Message on home/relay1/cmd: OFF[0m
[0;32mI (43836) MQTT: Message on home/relay1/cmd: ON[0m
[0;32mI (45066) MQTT: Message on home/relay1/cmd: OFF[0m
[0;32mI (46506) MQTT: Message on home/relay1/cmd: ON[0m
[0;32mI (48346) MQTT: Message on home/relay1/cmd: OFF[0m
