ets Jul 29 2019 12:21:46

ï¿½ets Jul 29 2019 12:21:46

rst:0x1 (POWERON_RESET),boot:0x13 (SPI_FAST_FLASH_BOOT)
configsip: 0, SPIWP:0xee
clk_drv:0x00,q_drv:0x00,d_drv:0x00,cs0_drv:0x00,hd_drv:0x00,wp_drv:0x00
mode:DIO, clock div:2
load:0x3fff0030,len:6276
load:0x40078000,len:15748
load:0x40080400,len:4
ho 8 tail 4 room 4
load:0x40080404,len:3860
entry 0x4008063c
[0;32mI (31) boot: ESP-IDF v5.4.1-dirty 2nd stage bootloader[0m
[0;32mI (31) boot: compile time Oct 17 2025 09:49:33[0m
[0;32mI (31) boot: Multicore bootloader[0m
[0;32mI (33) boot: chip revision: v3.1[0m
[0;32mI (36) boot.esp32: SPI Speed      : 40MHz[0m
[0;32mI (40) boot.esp32: SPI Mode       : DIO[0m
[0;32mI (43) boot.esp32: SPI Flash Size : 2MB[0m
[0;32mI (47) boot: Enabling RNG early entropy source...[0m
[0;32mI (51) boot: Partition Table:[0m
[0;32mI (54) boot: ## Label            Usage          Type ST Offset   Length[0m
[0;32mI (60) boot:  0 nvs              WiFi data        01 02 00009000 00006000[0m
[0;32mI (67) boot:  1 phy_init         RF data          01 01 0000f000 00001000[0m
[0;32mI (73) boot:  2 factory          factory app      00 00 00010000 00100000[0m
[0;32mI (80) boot: End of partition table[0m
[0;32mI (83) esp_image: segment 0: paddr=00010020 vaddr=3f400020 size=2f428h (193576) map[0m
[0;32mI (157) esp_image: segment 1: paddr=0003f450 vaddr=3ff80000 size=0001ch (    28) load[0m
[0;32mI (157) esp_image: segment 2: paddr=0003f474 vaddr=3ffb0000 size=00ba4h (  2980) load[0m
[0;32mI (162) esp_image: segment 3: paddr=00040020 vaddr=400d0020 size=9d470h (644208) map[0m
[0;32mI (388) esp_image: segment 4: paddr=000dd498 vaddr=3ffb0ba4 size=0336ch ( 13164) load[0m
[0;32mI (393) esp_image: segment 5: paddr=000e080c vaddr=40080000 size=178d4h ( 96468) load[0m
[0;32mI (442) boot: Loaded app from partition at offset 0x10000[0m
[0;32mI (442) boot: Disabling RNG early entropy source...[0m
[0;32mI (453) cpu_start: Multicore app[0m
[0;32mI (461) cpu_start: Pro cpu start user code[0m
[0;32mI (461) cpu_start: cpu freq: 160000000 Hz[0m
[0;32mI (461) app_init: Application information:[0m
[0;32mI (461) app_init: Project name:     blink[0m
[0;32mI (465) app_init: App version:      4ff6662-dirty[0m
[0;32mI (469) app_init: Compile time:     Oct 18 2025 16:56:51[0m
[0;32mI (474) app_init: ELF file SHA256:  eaa3a2a7d...[0m
[0;32mI (479) app_init: ESP-IDF:          v5.4.1-dirty[0m
[0;32mI (483) efuse_init: Min chip rev:     v0.0[0m
[0;32mI (487) efuse_init: Max chip rev:     v3.99 [0m
[0;32mI (491) efuse_init: Chip rev:         v3.1[0m
[0;32mI (495) heap_init: Initializing. RAM available for dynamic allocation:[0m
[0;32mI (501) heap_init: At 3FFAE6E0 len 00001920 (6 KiB): DRAM[0m
[0;32mI (506) heap_init: At 3FFB87A8 len 00027858 (158 KiB): DRAM[0m
[0;32mI (511) heap_init: At 3FFE0440 len 00003AE0 (14 KiB): D/IRAM[0m
[0;32mI (517) heap_init: At 3FFE4350 len 0001BCB0 (111 KiB): D/IRAM[0m
[0;32mI (522) heap_init: At 400978D4 len 0000872C (33 KiB): IRAM[0m
[0;32mI (529) spi_flash: detected chip: generic[0m
[0;32mI (531) spi_flash: flash io: dio[0m
[0;33mW (534) spi_flash: Detected size(4096k) larger than the size in the binary image header(2048k). Using the size in the binary image header.[0m
[0;32mI (547) main_task: Started on CPU0[0m
[0;32mI (557) main_task: Calling app_main()[0m
[0;32mI (577) gpio: GPIO[26]| InputEn: 0| OutputEn: 1| OpenDrain: 0| Pullup: 0| Pulldown: 0| Intr:0 [0m
[0;32mI (577) gpio: GPIO[22]| InputEn: 0| OutputEn: 1| OpenDrain: 0| Pullup: 0| Pulldown: 0| Intr:0 [0m
[0;32mI (577) gpio: GPIO[21]| InputEn: 1| OutputEn: 0| OpenDrain: 0| Pullup: 0| Pulldown: 0| Intr:0 [0m
[0;32mI (607) wifi:wifi driver task: 3ffc0780, prio:23, stack:6656, core=0[0m
[0;32mI (617) wifi:wifi firmware version: 79fa3f41ba[0m
[0;32mI (617) wifi:wifi certification version: v7.0[0m
[0;32mI (617) wifi:config NVS flash: enabled[0m
[0;32mI (617) wifi:config nano formatting: disabled[0m
[0;32mI (617) wifi:Init data frame dynamic rx buffer num: 32[0m
[0;32mI (627) wifi:Init static rx mgmt buffer num: 5[0m
[0;32mI (627) wifi:Init management short buffer num: 32[0m
[0;32mI (637) wifi:Init dynamic tx buffer num: 32[0m
[0;32mI (637) wifi:Init static rx buffer size: 1600[0m
[0;32mI (647) wifi:Init static rx buffer num: 10[0m
[0;32mI (647) wifi:Init dynamic rx buffer num: 32[0m
[0;32mI (647) wifi_init: rx ba win: 6[0m
[0;32mI (657) wifi_init: accept mbox: 6[0m
[0;32mI (657) wifi_init: tcpip mbox: 32[0m
[0;32mI (657) wifi_init: udp mbox: 6[0m
[0;32mI (667) wifi_init: tcp mbox: 6[0m
[0;32mI (667) wifi_init: tcp tx win: 5760[0m
[0;32mI (667) wifi_init: tcp rx win: 5760[0m
[0;32mI (667) wifi_init: tcp mss: 1440[0m
[0;32mI (677) wifi_init: WiFi IRAM OP enabled[0m
[0;32mI (677) wifi_init: WiFi RX IRAM OP enabled[0m
[0;33mW (687) wifi:Password length matches WPA2 standards, authmode threshold changes from OPEN to WPA2[0m
[0;32mI (697) phy_init: phy_version 4860,6b7a6e5,Feb  6 2025,14:47:07[0m
[0;32mI (777) phy_init: Saving new calibration data due to checksum failure or outdated calibration data, mode(0)[0m
[0;32mI (797) wifi:mode : sta (20:43:a8:e5:4d:4c)[0m
[0;32mI (797) wifi:enable tsf[0m
[0;32mI (807) WiFi: Connecting to WiFi...[0m
[0;32mI (817) wifi:new:<7,0>, old:<1,0>, ap:<255,255>, sta:<7,0>, prof:1, snd_ch_cfg:0x0[0m
[0;32mI (827) wifi:state: init -> auth (0xb0)[0m
[0;32mI (847) wifi:state: auth -> assoc (0x0)[0m
[0;32mI (897) wifi:state: assoc -> run (0x10)[0m
[0;32mI (1007) wifi:connected with Tro 1, aid = 3, channel 7, BW20, bssid = 4c:12:e8:40:45:30[0m
[0;32mI (1007) wifi:security: WPA2-PSK, phy: bgn, rssi: -50[0m
[0;32mI (1007) wifi:pm start, type: 1[0m

[0;32mI (1007) wifi:dp: 1, bi: 102400, li: 3, scale listen interval from 307200 us to 307200 us[0m
[0;32mI (1017) wifi:AP's beacon interval = 102400 us, DTIM period = 1[0m
[0;32mI (2227) esp_netif_handlers: sta ip: 192.168.1.8, mask: 255.255.255.0, gw: 192.168.1.1[0m
[0;32mI (2227) WiFi: WiFi connected, IP obtained![0m
[0;32mI (4807) MQTT: ðŸ”Œ MQTT client started[0m
[0;32mI (4817) wifi:<ba-add>idx:0 (ifx:0, 4c:12:e8:40:45:30), tid:0, ssn:4, winSize:64[0m
[0;32mI (5117) wifi:<ba-add>idx:1 (ifx:0, 4c:12:e8:40:45:30), tid:1, ssn:0, winSize:64[0m
[0;32mI (5547) esp-x509-crt-bundle: Certificate validated[0m
[0;32mI (6807) MAIN: Distance: 32.72 cm[0m
[0;32mI (6857) MQTT: Connected to HiveMQ Cloud[0m
[0;32mI (8867) MAIN: Distance: 29.33 cm[0m
[0;32mI (10877) MAIN: Distance: 32.45 cm[0m
[0;32mI (12887) MAIN: Distance: 31.95 cm[0m
ï¿½ï¿½ï¿½ï¿½ï¿½ï¿½ï¿½ï¿½ï¿½ï¿½ï¿½ï¿½ï¿½ï¿½ï¿½ï¿½ï¿½ï¿½ï¿½ï¿½ï¿½ï¿½ï¿½ï¿½ï¿½ï¿½ï¿½ï¿½ï¿½ï¿½ï¿½ï¿½ï¿½ï¿½ï¿½ï¿½ï¿½ï¿½ï¿½ï¿½ï¿½ï¿½ï¿½ï¿½ï¿½ï¿½ï¿½ï¿½ï¿½ï¿½ï¿½ï¿½ï¿½ï¿½ï¿½ï¿½ï¿½ï¿½ï¿½ï¿½ï¿½ï¿½ï¿½ï¿½ (14897) MAIN: Distance: 31.16 cm
[0;32mI (16907) MAIN: Distance: 31.16 cm[0m
[0;32mI (18917) MAIN: Distance: 31.16 cm[0m
[0;32mI (20937) MAIN: Distance: -1.00 cm[0m
ï¿½ï¿½ï¿½ï¿½ï¿½ï¿½ï¿½ï¿½ï¿½ï¿½ï¿½ï¿½ï¿½ï¿½ï¿½ï¿½ï¿½ï¿½ï¿½ï¿½ï¿½ï¿½ï¿½ï¿½ï¿½ï¿½ï¿½ï¿½ï¿½ï¿½ï¿½ï¿½ï¿½ï¿½ï¿½ï¿½ï¿½ï¿½ï¿½ï¿½ï¿½ï¿½ï¿½ï¿½ï¿½ï¿½ï¿½ï¿½ï¿½ï¿½ï¿½ï¿½ï¿½ï¿½ï¿½ï¿½ï¿½ï¿½ï¿½ï¿½ï¿½ï¿½ï¿½ï¿½ (22947) MAIN: Distance: 29.34 cm
[0;32mI (24967) MAIN: Distance: -1.00 cm[0m
[0;32mI (26987) MAIN: Distance: -1.00 cm[0m
[0;32mI (28997) MAIN: Distance: 5.88 cm[0m
[0;32mI (31007) MAIN: Distance: 6.23 cm[0m
[0;32mI (33017) MAIN: Distance: 29.33 cm[0m
[0;32mI (35037) MAIN: Distance: -1.00 cm[0m
[0;32mI (37047) MAIN: Distance: 29.34 cm[0m
[0;32mI (39057) MAIN: Distance: 29.07 cm[0m
[0;32mI (41077) MAIN: Distance: -1.00 cm[0m
[0;32mI (43087) MAIN: Distance: 33.22 cm[0m
[0;32mI (45097) MAIN: Distance: 37.90 cm[0m
[0;32mI (47117) MAIN: Distance: -1.00 cm[0m
[0;32mI (49127) MAIN: Distance: 36.98 cm[0m
[0;32mI (51137) MAIN: Distance: 36.07 cm[0m
[0;32mI (53147) MAIN: Distance: 36.07 cm[0m
[0;32mI (55157) MAIN: Distance: 31.42 cm[0m
[0;32mI (57167) MAIN: Distance: 30.10 cm[0m
ï¿½ï¿½ï¿½ï¿½ï¿½ï¿½ï¿½ï¿½ï¿½ï¿½ï¿½ï¿½ï¿½ï¿½ï¿½ï¿½ï¿½ï¿½ï¿½ï¿½ï¿½ï¿½ï¿½ï¿½ï¿½ï¿½ï¿½ï¿½ï¿½ï¿½ï¿½ï¿½ï¿½ï¿½ï¿½ï¿½ï¿½ï¿½ï¿½ï¿½ï¿½ï¿½ï¿½ï¿½ï¿½ï¿½ï¿½ï¿½ï¿½ï¿½ï¿½ï¿½ï¿½ï¿½ï¿½ï¿½ï¿½ï¿½ï¿½ï¿½ï¿½ï¿½ï¿½ï¿½ (59177) MAIN: Distance: 25.28 cm
[0;32mI (61187) MAIN: Distance: 30.37 cm[0m
[0;32mI (63197) MAIN: Distance: 34.27 cm[0m
[0;32mI (65207) MAIN: Distance: 38.83 cm[0m
[0;32mI (67217) MAIN: Distance: 36.75 cm[0m
[0;32mI (69227) MAIN: Distance: 33.77 cm[0m
[0;32mI (71237) MAIN: Distance: 36.07 cm[0m
[0;32mI (73257) MAIN: Distance: -1.00 cm[0m
[0;32mI (75267) MAIN: Distance: 21.45 cm[0m
[0;32mI (77287) MAIN: Distance: -1.00 cm[0m
