ets Jul 29 2019 12:21:46

rst:0x1 (Pï¿½ets Jul 29 2019 12:21:46

rst:0x1 (POWERON_RESET),boot:0x13 (SPI_FAST_FLASH_BOOT)
configsip: 0, SPIWP:0xee
clk_drv:0x00,q_drv:0x00,d_drv:0x00,cs0_drv:0x00,hd_drv:0x00,wp_drv:0x00
mode:DIO, clock div:2
load:0x3fff0030,len:6276
load:0x40078000,len:15748
load:0x40080400,len:4
ho 8 tail 4 room 4
load:0x40080404,len:3860
entry 0x4008063c
[0;32mI (31) boot: ESP-IDF v5.4.1-dirty 2nd stage bootloader[0m
[0;32mI (31) boot: compile time Dec  4 2025 01:11:41[0m
[0;32mI (31) boot: Multicore bootloader[0m
[0;32mI (33) boot: chip revision: v3.1[0m
[0;32mI (36) boot.esp32: SPI Speed      : 40MHz[0m
[0;32mI (40) boot.esp32: SPI Mode       : DIO[0m
[0;32mI (43) boot.esp32: SPI Flash Size : 2MB[0m
[0;32mI (47) boot: Enabling RNG early entropy source...[0m
[0;32mI (51) boot: Partition Table:[0m
[0;32mI (54) boot: ## Label            Usage          Type ST Offset   Length[0m
[0;32mI (60) boot:  0 nvs              WiFi data        01 02 00009000 00006000[0m
[0;32mI (67) boot:  1 phy_init         RF data          01 01 0000f000 00001000[0m
[0;32mI (73) boot:  2 factory          factory app      00 00 00010000 00100000[0m
[0;32mI (80) boot: End of partition table[0m
[0;32mI (83) esp_image: segment 0: paddr=00010020 vaddr=3f400020 size=31828h (202792) map[0m
[0;32mI (160) esp_image: segment 1: paddr=00041850 vaddr=3ff80000 size=0001ch (    28) load[0m
[0;32mI (160) esp_image: segment 2: paddr=00041874 vaddr=3ffb0000 size=04310h ( 17168) load[0m
[0;32mI (170) esp_image: segment 3: paddr=00045b8c vaddr=40080000 size=0a48ch ( 42124) load[0m
[0;32mI (188) esp_image: segment 4: paddr=00050020 vaddr=400d0020 size=a1340h (660288) map[0m
[0;32mI (413) esp_image: segment 5: paddr=000f1368 vaddr=4008a48c size=0e568h ( 58728) load[0m
[0;32mI (448) boot: Loaded app from partition at offset 0x10000[0m
[0;32mI (448) boot: Disabling RNG early entropy source...[0m
[0;32mI (459) cpu_start: Multicore app[0m
[0;32mI (467) cpu_start: Pro cpu start user code[0m
[0;32mI (467) cpu_start: cpu freq: 160000000 Hz[0m
[0;32mI (467) app_init: Application information:[0m
[0;32mI (467) app_init: Project name:     blink[0m
[0;32mI (471) app_init: App version:      286b056-dirty[0m
[0;32mI (475) app_init: Compile time:     Dec  4 2025 01:10:16[0m
[0;32mI (480) app_init: ELF file SHA256:  d1a9b28da...[0m
[0;32mI (485) app_init: ESP-IDF:          v5.4.1-dirty[0m
[0;32mI (489) efuse_init: Min chip rev:     v0.0[0m
[0;32mI (493) efuse_init: Max chip rev:     v3.99 [0m
[0;32mI (497) efuse_init: Chip rev:         v3.1[0m
[0;32mI (501) heap_init: Initializing. RAM available for dynamic allocation:[0m
[0;32mI (507) heap_init: At 3FFAE6E0 len 00001920 (6 KiB): DRAM[0m
[0;32mI (512) heap_init: At 3FFB9190 len 00026E70 (155 KiB): DRAM[0m
[0;32mI (517) heap_init: At 3FFE0440 len 00003AE0 (14 KiB): D/IRAM[0m
[0;32mI (523) heap_init: At 3FFE4350 len 0001BCB0 (111 KiB): D/IRAM[0m
[0;32mI (528) heap_init: At 400989F4 len 0000760C (29 KiB): IRAM[0m
[0;32mI (535) spi_flash: detected chip: generic[0m
[0;32mI (537) spi_flash: flash io: dio[0m
[0;33mW (540) spi_flash: Detected size(4096k) larger than the size in the binary image header(2048k). Using the size in the binary image header.[0m
[0;32mI (553) main_task: Started on CPU0[0m
[0;32mI (563) main_task: Calling app_main()[0m
[0;32mI (593) OLED: Khoi tao SSD1306 voi Driver moi...[0m
[0;32mI (1593) SSD1306: New i2c driver is used[0m
[0;32mI (1593) SSD1306: OLED configured successfully[0m
[0;32mI (1663) OLED: Hien thi OLED...[0m
[0;32mI (3683) gpio: GPIO[26]| InputEn: 0| OutputEn: 1| OpenDrain: 0| Pullup: 0| Pulldown: 0| Intr:0 [0m
[0;32mI (3683) gpio: GPIO[25]| InputEn: 1| OutputEn: 0| OpenDrain: 0| Pullup: 1| Pulldown: 0| Intr:2 [0m
[0;32mI (3683) gpio: GPIO[32]| InputEn: 1| OutputEn: 0| OpenDrain: 0| Pullup: 1| Pulldown: 0| Intr:2 [0m
[0;32mI (3693) gpio: GPIO[33]| InputEn: 1| OutputEn: 0| OpenDrain: 0| Pullup: 1| Pulldown: 0| Intr:2 [0m
[0;32mI (3703) BUTTON: Advanced button handler initialized.[0m
[0;32mI (3703) gpio: GPIO[19]| InputEn: 0| OutputEn: 1| OpenDrain: 0| Pullup: 0| Pulldown: 0| Intr:0 [0m
[0;32mI (3713) gpio: GPIO[18]| InputEn: 1| OutputEn: 0| OpenDrain: 0| Pullup: 0| Pulldown: 0| Intr:0 [0m
[0;32mI (3733) wifi:wifi driver task: 3ffc21b4, prio:23, stack:6656, core=0[0m
[0;32mI (3743) wifi:wifi firmware version: 79fa3f41ba[0m
[0;32mI (3753) wifi:wifi certification version: v7.0[0m
[0;32mI (3753) wifi:config NVS flash: enabled[0m
[0;32mI (3753) wifi:config nano formatting: disabled[0m
[0;32mI (3753) wifi:Init data frame dynamic rx buffer num: 32[0m
[0;32mI (3763) wifi:Init static rx mgmt buffer num: 5[0m
[0;32mI (3763) wifi:Init management short buffer num: 32[0m
[0;32mI (3763) wifi:Init dynamic tx buffer num: 32[0m
[0;32mI (3773) wifi:Init static rx buffer size: 1600[0m
[0;32mI (3773) wifi:Init static rx buffer num: 10[0m
[0;32mI (3783) wifi:Init dynamic rx buffer num: 32[0m
[0;32mI (3783) wifi_init: rx ba win: 6[0m
[0;32mI (3783) wifi_init: accept mbox: 6[0m
[0;32mI (3793) wifi_init: tcpip mbox: 32[0m
[0;32mI (3793) wifi_init: udp mbox: 6[0m
[0;32mI (3793) wifi_init: tcp mbox: 6[0m
[0;32mI (3793) wifi_init: tcp tx win: 5760[0m
[0;32mI (3803) wifi_init: tcp rx win: 5760[0m
[0;32mI (3803) wifi_init: tcp mss: 1440[0m
[0;32mI (3803) wifi_init: WiFi IRAM OP enabled[0m
[0;32mI (3813) wifi_init: WiFi RX IRAM OP enabled[0m
[0;33mW (3813) wifi:Password length matches WPA2 standards, authmode threshold changes from OPEN to WPA2[0m
[0;32mI (3823) phy_init: phy_version 4860,6b7a6e5,Feb  6 2025,14:47:07[0m
[0;32mI (3913) wifi:mode : sta (04:83:08:58:af:88)[0m
[0;32mI (3913) wifi:enable tsf[0m
[0;32mI (3923) WiFi: Connecting to WiFi...[0m
[0;32mI (3933) wifi:new:<8,0>, old:<1,0>, ap:<255,255>, sta:<8,0>, prof:1, snd_ch_cfg:0x0[0m
[0;32mI (3933) wifi:state: init -> auth (0xb0)[0m
[0;32mI (3963) wifi:state: auth -> assoc (0x0)[0m
[0;32mI (4013) wifi:state: assoc -> run (0x10)[0m
[0;32mI (4123) wifi:connected with Tro 1, aid = 7, channel 8, BW20, bssid = 4c:12:e8:40:45:30[0m
[0;32mI (4123) wifi:security: WPA2-PSK, phy: bgn, rssi: -43[0m
[0;32mI (4123) wifi:pm start, type: 1[0m

[0;32mI (4123) wifi:dp: 1, bi: 102400, li: 3, scale listen interval from 307200 us to 307200 us[0m
[0;32mI (4203) wifi:AP's beacon interval = 102400 us, DTIM period = 1[0m
[0;32mI (5353) esp_netif_handlers: sta ip: 192.168.1.8, mask: 255.255.255.0, gw: 192.168.1.1[0m
[0;32mI (5353) WiFi: WiFi connected, IP obtained![0m
[0;32mI (7913) MQTT: MQTT client started[0m
[0;32mI (7933) wifi:<ba-add>idx:0 (ifx:0, 4c:12:e8:40:45:30), tid:0, ssn:4, winSize:64[0m
[0;32mI (8303) wifi:<ba-add>idx:1 (ifx:0, 4c:12:e8:40:45:30), tid:1, ssn:0, winSize:64[0m
[0;32mI (9133) esp-x509-crt-bundle: Certificate validated[0m
[0;32mI (10003) MAIN: Ultrasonic task started.[0m
[0;32mI (10023) MAIN: Distance: 67.16 cm[0m
[0;32mI (10023) MAIN: Status publish task started.[0m
[0;32mI (10023) MAIN: OLED update task started.[0m
[0;32mI (10023) MAIN: Initialization finished. Application tasks started.[0m
[0;32mI (10023) main_task: Returned from app_main()[0m
[0;32mI (10663) MQTT: Connected to HiveMQ Cloud[0m
[0;32mI (12673) MAIN: Distance: 67.17 cm[0m
[0;32mI (13403) BUTTON: Action: Cancel Timer[0m
[0;32mI (14403) BUTTON: Action: Cancel Timer[0m
[0;32mI (14693) MAIN: Distance: 67.66 cm[0m
[0;32mI (16713) MAIN: Distance: 67.59 cm[0m
[0;32mI (18733) MAIN: Distance: 67.66 cm[0m
[0;32mI (20753) MAIN: Distance: 68.19 cm[0m
[0;32mI (21703) BUTTON: Action: Toggle Relay[0m
[0;32mI (21703) RELAY: Relay toggled to ON[0m
[0;32mI (22773) MAIN: Distance: 67.64 cm[0m
[0;32mI (24693) BUTTON: Action: Toggle Relay[0m
[0;32mI (24693) RELAY: Relay toggled to OFF[0m
[0;32mI (24793) MAIN: Distance: 68.07 cm[0m
[0;32mI (25423) BUTTON: Action: Toggle Relay[0m
[0;32mI (25423) RELAY: Relay toggled to ON[0m
[0;32mI (26033) BUTTON: Action: Cancel Timer[0m
[0;32mI (26803) MAIN: Distance: 67.71 cm[0m
[0;32mI (26923) BUTTON: Action: Cancel Timer[0m
[0;32mI (27313) BUTTON: Action: Cancel Timer[0m
[0;32mI (28443) BUTTON: Action: Cancel Timer[0m
[0;32mI (28823) MAIN: Distance: 68.07 cm[0m
[0;32mI (30843) MAIN: Distance: 68.12 cm[0m
[0;32mI (32863) MAIN: Distance: 67.71 cm[0m
[0;32mI (34873) MAIN: Distance: 68.14 cm[0m
[0;32mI (36893) MAIN: Distance: 68.14 cm[0m
[0;32mI (38913) MAIN: Distance: 73.52 cm[0m
[0;32mI (40933) MAIN: Distance: 67.71 cm[0m
[0;32mI (42943) MAIN: Distance: 68.14 cm[0m
[0;32mI (44963) MAIN: Distance: 67.66 cm[0m
[0;32mI (46973) MAIN: Distance: 68.14 cm[0m
[0;32mI (48993) MAIN: Distance: 68.12 cm[0m
[0;32mI (51013) MAIN: Distance: 67.21 cm[0m
[0;32mI (53023) MAIN: Distance: 67.23 cm[0m
[0;32mI (55043) MAIN: Distance: 67.71 cm[0m
[0;32mI (57063) MAIN: Distance: 67.71 cm[0m
[0;32mI (59073) MAIN: Distance: 67.23 cm[0m
[0;32mI (61083) MAIN: Distance: 68.12 cm[0m
[0;32mI (63103) MAIN: Distance: 68.12 cm[0m
[0;32mI (65123) MAIN: Distance: 68.14 cm[0m
[0;32mI (67143) MAIN: Distance: 68.12 cm[0m
[0;32mI (69163) MAIN: Distance: 68.14 cm[0m
[0;32mI (71183) MAIN: Distance: 68.14 cm[0m
[0;32mI (73193) MAIN: Distance: 67.23 cm[0m
[0;32mI (74783) BUTTON: Action: Cancel Timer[0m
[0;32mI (75213) MAIN: Distance: 69.63 cm[0m
[0;32mI (77233) MAIN: Distance: 66.37 cm[0m
[0;32mI (79243) MAIN: Distance: 68.08 cm[0m
[0;32mI (81263) MAIN: Distance: 68.00 cm[0m
[0;32mI (83283) MAIN: Distance: 68.02 cm[0m
[0;32mI (85303) MAIN: Distance: 68.08 cm[0m
[0;32mI (87323) MAIN: Distance: 68.31 cm[0m
[0;32mI (89343) MAIN: Distance: 68.26 cm[0m
[0;32mI (91363) MAIN: Distance: 67.40 cm[0m
[0;32mI (93383) MAIN: Distance: 68.19 cm[0m
[0;32mI (95403) MAIN: Distance: 67.23 cm[0m
[0;32mI (97423) MAIN: Distance: 67.72 cm[0m
